
   FAIL  Tests\Feature\HorarioAutomaticoTest
  Ô¿» generar horario automaticÔÇª 0.65s  
  Ô¿» evita conflictos salon     0.09s  
  ÔöÇÔöÇÔöÇÔöÇÔöÇÔöÇÔöÇÔöÇÔöÇÔöÇÔöÇÔöÇÔöÇÔöÇÔöÇÔöÇÔöÇÔöÇÔöÇÔöÇÔöÇÔöÇÔöÇÔöÇÔöÇÔöÇÔöÇÔöÇÔöÇÔöÇÔöÇÔöÇÔöÇÔöÇ  
   FAILED  Tests\Feature\HorarioAuÔÇª   
  Expected response status code [200] but received 500.
Failed asserting that 500 is identical to 200.

  at tests\Feature\HorarioAutomaticoTest.php:78
     74Ôûò         // 2. Call Endpoint
     75Ôûò         $response = $this->postJson("/api/horarios/{$horario->idHorario}/generar-automatico");
     76Ôûò 
     77Ôûò         // 3. Assertions
  Ô×£  78Ôûò         $response->assertStatus(200);
     79Ôûò         $response->assertJsonStructure(['message', 'errores']);
     80Ôûò 
     81Ôûò         // Check if assignment was created
     82Ôûò         $this->assertDatabaseHas('horario_cursos', [

  ÔöÇÔöÇÔöÇÔöÇÔöÇÔöÇÔöÇÔöÇÔöÇÔöÇÔöÇÔöÇÔöÇÔöÇÔöÇÔöÇÔöÇÔöÇÔöÇÔöÇÔöÇÔöÇÔöÇÔöÇÔöÇÔöÇÔöÇÔöÇÔöÇÔöÇÔöÇÔöÇÔöÇÔöÇ  
   FAILED  Tests\Feature\HorarioAuÔÇª   
  Expected response status code [200] but received 500.
Failed asserting that 500 is identical to 200.

  at tests\Feature\HorarioAutomaticoTest.php:149
    145Ôûò          ]);
    146Ôûò  
    147Ôûò          // Run Auto Schedule
    148Ôûò          $response = $this->postJson("/api/horarios/{$horario->idHorario}/generar-automatico");
  Ô×£ 149Ôûò          $response->assertStatus(200);
    150Ôûò  
    151Ôûò          // C2 should NOT be assigned to Monday 07:00-09:00 in A101
    152Ôûò          // It should be assigned elsewhere
    153Ôûò          $hc2 = HorarioCurso::where('FK_idCurso', $curso2->idCurso)->first();


  Tests:    2 failed (2 assertions)
  Duration: 0.97s

